Ниже — список возможных ошибок и спорных мест в статье, именно по фактам, цифрам, расчётам, нормам и источникам.

---

## 1) Ошибка/неточность про «допустимо 0,3‰ в крови» в России

В статье несколько раз сказано:

- «за рулём в России допустимо не выше 0,3‰»
- «Норма за рулём в России (2026): 0,3‰ в крови, 0,16 мг/л в выдыхаемом воздухе»
- «В России для водителей допустимо 0,3‰ в крови и 0,16 мг/л в выдыхаемом воздухе»

### Почему это проблема
Для действующего российского регулирования ключевой и прямо закреплённый порог — это **0,16 мг/л в выдыхаемом воздухе** как наличие абсолютного этилового спирта с учётом погрешности измерений. Формулировка про **0,3 г/л крови** часто встречается в популярном пересказе, но в правоприменении по КоАП основной ориентир — именно выдох.

Кроме того, запись в **‰** для крови и **мг/л** для выдоха — это **разные единицы**, и их нельзя подавать как простую «парную норму» без пояснения, что это разные методы измерения и между ними нет абсолютно жёсткого бытового пересчёта.

### Что здесь неверно/слабо
- Формулировка «допустимо 0,3‰ в крови» подана слишком прямолинейно.
- Не указана конкретная норма права.
- Не объяснено, что юридически значимый порог обычно привязывается к выдыхаемому воздуху.

---

## 2) Ссылка на «Россию (2026)» без источника нормы

В статье есть утверждение:

- «Норма за рулём в России (2026): 0,3‰ в крови, 0,16 мг/л в выдыхаемом воздухе»

### Почему это ошибка
Указан год «2026», но:
- статья помечена «© 2025»;
- не приведён ни один нормативный акт;
- не указано, что это норма действует на основании конкретной редакции КоАП/ПДД/порядка освидетельствования.

### Что нужно было бы указать
Хотя бы:
- **ст. 12.8 КоАП РФ**
- примечание к статье / формулировка о наличии абсолютного этилового спирта
- при необходимости — порядок освидетельствования и действующие подзаконные акты

Без этого ссылка на «2026» выглядит как неподтверждённое обновление.

---

## 3) Формула Видмарка дана в чрезмерно упрощённом виде и единицы не проговорены

В статье:

- «Формула — C = A / (m × r), где A — граммы этанола, m — вес (кг), r — коэффициент»
- «C Концентрация алкоголя в крови (‰)»

### Почему это проблема
В такой записи создаётся впечатление, что результат автоматически получается строго в промилле, хотя это зависит от принятой интерпретации единиц и упрощений. В популярных калькуляторах это действительно часто так подают, но для корректности нужно пояснять:

- что это **упрощённая практическая форма**;
- что в оригинальных и судебно-медицинских модификациях формулы есть дополнительные параметры;
- что расчёт касается **теоретической концентрации после распределения**, а не точного «анализаторного» значения.

Иначе читатель получает слишком уверенное впечатление, будто это строгая физически выверенная формула «на промилле».

---

## 4) Историческая формулировка о том, что Видмарк «предложил в 1930-х» — слишком грубая

В статье:

- «Шведский исследователь Эрик Матиас Видмарк предложил в 1930-х годах простую формулу…»

### Почему это спорно
Работы Видмарка относятся не к одной дате и не к одной упрощённой формуле в том виде, как она используется в интернет-калькуляторах. Такая фраза не фатально неверна, но исторически грубовата:
- не указана работа/публикация;
- не сказано, что современные онлайн-версии — это адаптированные упрощения.

Это скорее **неточность источниковедения**, чем грубая ошибка.

---

## 5) Коэффициенты распределения r указаны как универсальные «мужчины 0,68 / женщины 0,55» — это спорное упрощение

В статье:

- «муж. 0,68 / жен. 0,55»
- «Мужчины ≈ 0,68; женщины ≈ 0,55»

### Почему это проблема
В литературе и калькуляторах встречаются разные средние значения:
- 0,68 / 0,55
- 0,7 / 0,6
- другие диапазоны в зависимости от пола, возраста, телосложения и методики

Проблема не в самом выборе цифр, а в том, что они поданы почти как нормативно закреплённые константы. Для точности стоило бы писать, что это **один из распространённых вариантов**, а не единственно правильные значения.

---

## 6) Скорость выведения «0,1–0,15‰ в час; среднее β ≈ 0,13‰/ч» подана как слишком универсальная

В статье:

- «Скорость вывода — около 0,1–0,15‰ в час»
- «среднее значение β ≈ 0,13‰/ч»

### Почему это проблема
Такой диапазон часто используется в популярном изложении, но он не универсален:
- в литературе можно встретить и более широкий диапазон;
- скорость зависит от фазы абсорбции/элиминации;
- линейное вычитание β × t не всегда применимо с начала употребления.

Главная ошибка здесь не в самих цифрах, а в том, что статья не отделяет:
1. ориентировочную скорость элиминации после достижения пика,
2. от ситуации, когда человек ещё продолжает всасывать алкоголь.

---

## 7) Ошибка в применении формулы ко времени: «t — часы с начала употребления»

В статье:

- «C(t) = C₀ − β × t, где t — часы с начала употребления»

### Почему это ошибка
Это наиболее существенная методическая ошибка текста.

Линейное вычитание по β корректно применять **не просто с начала употребления**, а после завершения всасывания/достижения условного пика концентрации. Если считать «с начала употребления», особенно при недавнем или растянутом по времени употреблении, модель становится физиологически неверной.

### Почему важно
Если человек пил:
- медленно,
- на полный желудок,
- недавно закончил пить,

то за первые часы концентрация может ещё **расти**, а статья предлагает её уже механически уменьшать.

---

## 8) Пример с 500 мл пива 5% и «через 2 часа ≈ 0,10‰» методически сомнителен

В статье расчёт:

- 500 × 0,05 × 0,789 ≈ 19,7 г
- 19,7 / (80 × 0,68) ≈ 0,36‰
- через 2 часа: 0,36 − 0,13 × 2 ≈ 0,10‰

### Что верно
Первая и вторая строки арифметически нормальны:
- объём этанола 25 мл,
- масса этанола ≈ 19,7 г,
- 19,7 / 54,4 ≈ 0,362.

### Что неверно
Третья строка — методически слабая:
- не учтена абсорбция;
- не уточнено, когда именно достигнут C₀;
- «через 2 часа» от начала или от окончания употребления — не ясно;
- если питьё происходило не мгновенно, такое линейное вычитание некорректно.

То есть **арифметика верна, физиологическая интерпретация — упрощённая до искажения**.

---

## 9) Фраза «лёгкое опьянение начинается примерно с 0,5‰» подана слишком категорично

В статье:
- «Лёгкое опьянение — начинается примерно с 0,5‰»
- в таблице 0,3–0,5‰ — «субклиническая»

### Почему это спорно
В разных источниках:
- первые клинические/поведенческие проявления могут отмечаться и ниже 0,5‰;
- границы степеней опьянения не унифицированы;
- некоторые классификации иначе режут интервалы.

Авторы сами пишут, что единого стандарта нет, но при этом в «Коротко» дают слишком жёсткое утверждение. Это внутренняя несогласованность.

---

## 10) Таблица степеней опьянения не имеет проверяемого источника

В статье указано:
- «Источник: ориентировочные данные наркологических классификаций»

### Почему это недостаток/ошибка
Это не источник, а общая отсылка. Нет:
- названия руководства,
- учебника,
- клинических рекомендаций,
- авторов,
- года,
- ссылки на документ.

Для материала, который оперирует диапазонами промилле, это существенный недостаток. Проверить цифры невозможно.

---

## 11) Формулировка «до 0,3 — ниже нормы за рулём в РФ» неудачна и вводит в заблуждение

В таблице:
- «до 0,3 Ниже нормы за рулём в РФ»

### Почему это ошибка
Так писать не стоит, потому что:
- это звучит как «всё, что ниже 0,3‰, разрешено»;
- юридически вопрос не сводится к бытовой «норме промилле в крови»;
- сама статья ниже пишет, что это «не разрешение выпить перед поездкой».

То есть таблица сама создаёт неправильное впечатление, которое потом пытается опровергнуть в FAQ.

---

## 12) «Ускорить вывод алкоголя нельзя» — верно в бытовом смысле, но сформулировано без оговорок

В статье:
- «ускорить его нельзя»
- «Ускорить вывод алкоголя невозможно»

### Почему это не совсем корректно
Для массового читателя это почти полезная формулировка, но строго научно:
- существуют медицинские вмешательства при интоксикации;
- на концентрацию в разные моменты влияют не только метаболизм, но и всасывание, распределение, рвота и пр.;
- некоторые «народные способы» не ускоряют метаболизм, но могут влиять на самочувствие.

Если текст претендует на аккуратность, лучше писать:
- «в бытовых условиях существенно ускорить метаболическое выведение нельзя».

---

## 13) Нет ссылки на источник плотности этанола 0,789 г/мл и температурной оговорки

В статье:
- «Объём (мл) × крепость / 100 × 0,789»

### Почему это замечание важно
0,789 г/мл — это распространённая справочная величина плотности этанола, но:
- она температурозависима;
- не указано, что это плотность **чистого этанола**, а не напитка;
- не дан источник.

Это не грубая ошибка, но для статьи, требующей точности в расчётах, такая справочная константа должна быть либо пояснена, либо сослана на источник.

---

## 14) Погрешность «±20–30%» не подтверждена источником

В статье:
- «погрешность составляет около ±20–30% от реального значения»

### Почему это проблема
Это возможно как популярная оценка, но без источника она выглядит взятой «из практики». Для такого численного утверждения нужен источник:
- исследование,
- судебно-медицинское руководство,
- методическая статья.

Иначе это недоказанная конкретная цифра.

---

## 15) Утверждение, что формула «используется в судебной медицине и наркологии как отправная точка» — без источника и с риском переупрощения

### Почему это спорно
В судебной медицине расчёты по Видмарку действительно известны, но:
- применяются в строго определённых контекстах;
- часто с дополнительными допущениями;
- не равны «онлайн-калькулятору».

Без ссылки на профильный учебник/методику это звучит слишком широко и авторитетно.

---

## 16) Смешение понятий «промилле в крови» и клинической степени опьянения как будто между ними жёсткая зависимость

В статье таблица строится так, будто:
- конкретный диапазон ‰
- соответствует конкретной степени
- и набору «типичных признаков»

### Почему это проблема
На практике клиническая картина и измеренная концентрация коррелируют не идеально:
- толерантность может сильно менять проявления;
- у хронически употребляющих симптомы могут быть слабее при тех же цифрах;
- у наивных потребителей — ярче.

Авторы это частично оговаривают, но сама подача таблицы слишком «жёсткая».

---

## 17) Внутреннее противоречие: «калькулятор считает один вид напитка за раз», но предлагается «суммировать их объём»

В статье:
- «Можно указать несколько порций, суммировав их объём. Калькулятор считает один вид напитка за раз.»

### Почему это проблема
Суммировать объём можно только если:
- крепость одинаковая,
- речь об одном и том же напитке или одинаковой крепости.

Если человек пил, например, пиво и вино, простое сложение объёмов невозможно без отдельного суммирования этанола. В текущем виде совет может вести к ошибочному расчёту.

---

## 18) Не указано, что крепость напитка в маркировке и фактическая крепость могут отличаться

Это не грубая ошибка, но для калькулятора важно:
- фактическое содержание алкоголя может немного отличаться от этикетки;
- для пива/сидра/домашнего алкоголя отклонения бывают заметны.

При заявленной «внимательности к цифрам» это упущение.

---

## 19) Фраза про «эндогенный алкоголь» как объяснение юридического порога требует осторожности

В статье:
- «это порог для учёта погрешности приборов и эндогенного алкоголя»

### Почему это спорно
Упоминание эндогенного алкоголя в популярных текстах часто используется, но юридическая логика порога прежде всего привязана к:
- наличию абсолютного этилового спирта,
- учёту погрешности измерений.

Ссылка именно на «эндогенный алкоголь» без источника и без юридического текста нормы выглядит как популярное, но неаккуратное объяснение.

---

## 20) Отсутствуют реальные библиографические источники вообще

Это главный недостаток материала.

Есть численные утверждения про:
- формулу Видмарка,
- коэффициенты r,
- β = 0,13‰/ч,
- диапазоны степеней,
- погрешность ±20–30%,
- юридические нормы РФ,

но нет ни одной полноценной ссылки:
- ни на закон,
- ни на учебник,
- ни на статью,
- ни на клинические рекомендации.

Для текста, который позиционируется как справочный и количественный, это существенная ошибка источниковедения.

---

# Краткий перечень наиболее существенных ошибок

Если выделить самые важные:

1. **Некорректно и упрощённо подана «норма в РФ: 0,3‰ в крови».**
2. **Нет ссылки на нормативный акт по порогу 0,16 мг/л / 0,3‰.**
3. **Неверно задано время в формуле выведения: «с начала употребления».**
4. **Пример с вычитанием за 2 часа физиологически упрощён до некорректности.**
5. **Таблица степеней опьянения не имеет проверяемого источника.**
6. **Погрешность ±20–30% указана без источника.**
7. **Коэффициенты r и скорость β поданы как почти универсальные константы.**
8. **Смешиваются юридические пороги, клинические степени и расчётные величины без достаточных оговорок.**

Если хочешь, я могу следующим сообщением сделать это в формате **таблицы “цитата статьи → что не так → как исправить”**, чтобы было удобно отправить редактору.
